---
source: crates/oxc_linter/src/tester.rs
---
  ⚠ eslint-plugin-import(order): Import from 'fs' should occur before import from 'lodash'
   ╭─[order.tsx:2:13]
 1 │ 
 2 │             import _ from 'lodash';
   ·             ───────────────────────
 3 │             import fs from 'fs';
   ╰────

  ⚠ eslint-plugin-import(order): Import from 'a' should occur before import from 'b'
   ╭─[order.tsx:2:13]
 1 │ 
 2 │             import b from 'b';
   ·             ──────────────────
 3 │             import a from 'a';
   ╰────

  ⚠ eslint-plugin-import(order): Import from 'lodash' should occur before import from '~/components/MyComponent'
   ╭─[order.tsx:2:13]
 1 │ 
 2 │             import MyComponent from '~/components/MyComponent';
   ·             ───────────────────────────────────────────────────
 3 │             import _ from 'lodash';
   ╰────
